// Jest Snapshot v1, https://goo.gl/fbAQLP

exports[`PlayerSummary component should render result data 1`] = `
<div
  className="MuiPaper-root-1 MuiPaper-elevation5-8 MuiPaper-rounded-2"
>
  <h3
    className="MuiTypography-root-28 MuiTypography-h5-44"
  >
    Player 1
  </h3>
  <h4
    className="MuiTypography-root-28 MuiTypography-h5-44"
  >
    Matchs: 5
    <br />
    Wins: 3
  </h4>
</div>
`;
